// Jest Snapshot v1, https://goo.gl/fbAQLP

exports[`renders DropdownSelect component 1`] = `
<div>
  <div
    class="chakra-form-control css-0"
    role="group"
  >
    <div
      class="chakra-select__wrapper css-42b2qy"
    >
      <select
        class="chakra-select css-l65hh7"
        data-test-id="select-component"
        id=""
      >
        <option
          value=""
        >
          Select ---
        </option>
        <option
          data-testid="select-option"
          value="1"
        >
          Option 1
        </option>
        <option
          data-testid="select-option"
          value="2"
        >
          Option 2
        </option>
        <option
          data-testid="select-option"
          value="3"
        >
          Option 3
        </option>
      </select>
      <div
        class="chakra-select__icon-wrapper css-162mkon"
      >
        <svg
          aria-hidden="true"
          class="chakra-select__icon"
          focusable="false"
          role="presentation"
          style="width: 1em; height: 1em; color: currentColor;"
          viewBox="0 0 24 24"
        >
          <path
            d="M16.59 8.59L12 13.17 7.41 8.59 6 10l6 6 6-6z"
            fill="currentColor"
          />
        </svg>
      </div>
    </div>
  </div>
</div>
`;
